[2023-05-11T22:02:32.205+0300][18ms] CardTable entry size: 512
[2023-05-11T22:02:32.205+0300][19ms] Using G1
[2023-05-11T22:02:32.222+0300][35ms] Version: 19.0.1+10-21 (release)
[2023-05-11T22:02:32.222+0300][36ms] CPUs: 8 total, 8 available
[2023-05-11T22:02:32.222+0300][36ms] Memory: 8047M
[2023-05-11T22:02:32.222+0300][36ms] Large Page Support: Disabled
[2023-05-11T22:02:32.222+0300][36ms] NUMA Support: Disabled
[2023-05-11T22:02:32.222+0300][36ms] Compressed Oops: Enabled (32-bit)
[2023-05-11T22:02:32.222+0300][36ms] Heap Region Size: 1M
[2023-05-11T22:02:32.222+0300][36ms] Heap Min Capacity: 1G
[2023-05-11T22:02:32.222+0300][36ms] Heap Initial Capacity: 1G
[2023-05-11T22:02:32.222+0300][36ms] Heap Max Capacity: 1G
[2023-05-11T22:02:32.223+0300][36ms] Pre-touch: Disabled
[2023-05-11T22:02:32.223+0300][36ms] Parallel Workers: 8
[2023-05-11T22:02:32.223+0300][36ms] Concurrent Workers: 2
[2023-05-11T22:02:32.223+0300][36ms] Concurrent Refinement Workers: 8
[2023-05-11T22:02:32.223+0300][36ms] Periodic GC: Disabled
[2023-05-11T22:02:32.223+0300][37ms] CDS archive(s) mapped at: [0x0000000800000000-0x0000000800c30000-0x0000000800c30000), size 12779520, SharedBaseAddress: 0x0000000800000000, ArchiveRelocationMode: 0.
[2023-05-11T22:02:32.223+0300][37ms] Compressed class space mapped at: 0x0000000801000000-0x000000080e000000, reserved size: 218103808
[2023-05-11T22:02:32.223+0300][37ms] Narrow klass base: 0x0000000800000000, Narrow klass shift: 0, Narrow klass range: 0x100000000
[2023-05-11T22:02:35.068+0300][2882ms] GC(0) Pause Young (Normal) (G1 Evacuation Pause)
[2023-05-11T22:02:35.069+0300][2883ms] GC(0) Using 8 workers of 8 for evacuation
[2023-05-11T22:02:35.081+0300][2895ms] GC(0)   Pre Evacuate Collection Set: 0.2ms
[2023-05-11T22:02:35.081+0300][2895ms] GC(0)   Merge Heap Roots: 0.1ms
[2023-05-11T22:02:35.081+0300][2895ms] GC(0)   Evacuate Collection Set: 10.1ms
[2023-05-11T22:02:35.081+0300][2895ms] GC(0)   Post Evacuate Collection Set: 1.1ms
[2023-05-11T22:02:35.081+0300][2895ms] GC(0)   Other: 0.8ms
[2023-05-11T22:02:35.081+0300][2895ms] GC(0) Eden regions: 51->0(44)
[2023-05-11T22:02:35.081+0300][2895ms] GC(0) Survivor regions: 0->7(7)
[2023-05-11T22:02:35.081+0300][2895ms] GC(0) Old regions: 0->2
[2023-05-11T22:02:35.081+0300][2895ms] GC(0) Archive regions: 0->0
[2023-05-11T22:02:35.081+0300][2895ms] GC(0) Humongous regions: 0->0
[2023-05-11T22:02:35.081+0300][2895ms] GC(0) Metaspace: 11777K(12288K)->11777K(12288K) NonClass: 10463K(10752K)->10463K(10752K) Class: 1313K(1536K)->1313K(1536K)
[2023-05-11T22:02:35.081+0300][2895ms] GC(0) Pause Young (Normal) (G1 Evacuation Pause) 51M->8M(1024M) 13.007ms
[2023-05-11T22:02:35.081+0300][2895ms] GC(0) User=0.00s Sys=0.02s Real=0.01s
[2023-05-11T22:02:35.720+0300][3534ms] GC(1) Pause Young (Normal) (G1 Evacuation Pause)
[2023-05-11T22:02:35.720+0300][3534ms] GC(1) Using 8 workers of 8 for evacuation
[2023-05-11T22:02:35.737+0300][3550ms] GC(1)   Pre Evacuate Collection Set: 0.3ms
[2023-05-11T22:02:35.737+0300][3550ms] GC(1)   Merge Heap Roots: 0.1ms
[2023-05-11T22:02:35.737+0300][3551ms] GC(1)   Evacuate Collection Set: 14.8ms
[2023-05-11T22:02:35.737+0300][3551ms] GC(1)   Post Evacuate Collection Set: 1.0ms
[2023-05-11T22:02:35.737+0300][3551ms] GC(1)   Other: 0.2ms
[2023-05-11T22:02:35.737+0300][3551ms] GC(1) Eden regions: 44->0(56)
[2023-05-11T22:02:35.737+0300][3551ms] GC(1) Survivor regions: 7->7(7)
[2023-05-11T22:02:35.737+0300][3551ms] GC(1) Old regions: 2->10
[2023-05-11T22:02:35.737+0300][3551ms] GC(1) Archive regions: 0->0
[2023-05-11T22:02:35.737+0300][3551ms] GC(1) Humongous regions: 0->0
[2023-05-11T22:02:35.737+0300][3551ms] GC(1) Metaspace: 16835K(17408K)->16835K(17408K) NonClass: 14992K(15360K)->14992K(15360K) Class: 1842K(2048K)->1842K(2048K)
[2023-05-11T22:02:35.737+0300][3551ms] GC(1) Pause Young (Normal) (G1 Evacuation Pause) 52M->16M(1024M) 16.979ms
[2023-05-11T22:02:35.737+0300][3551ms] GC(1) User=0.03s Sys=0.02s Real=0.02s
[2023-05-11T22:02:37.085+0300][4899ms] GC(2) Pause Young (Normal) (G1 Evacuation Pause)
[2023-05-11T22:02:37.085+0300][4899ms] GC(2) Using 8 workers of 8 for evacuation
[2023-05-11T22:02:37.102+0300][4915ms] GC(2)   Pre Evacuate Collection Set: 0.2ms
[2023-05-11T22:02:37.102+0300][4915ms] GC(2)   Merge Heap Roots: 0.1ms
[2023-05-11T22:02:37.102+0300][4915ms] GC(2)   Evacuate Collection Set: 14.1ms
[2023-05-11T22:02:37.102+0300][4915ms] GC(2)   Post Evacuate Collection Set: 1.2ms
[2023-05-11T22:02:37.102+0300][4915ms] GC(2)   Other: 0.2ms
[2023-05-11T22:02:37.102+0300][4915ms] GC(2) Eden regions: 56->0(96)
[2023-05-11T22:02:37.102+0300][4915ms] GC(2) Survivor regions: 7->8(8)
[2023-05-11T22:02:37.102+0300][4915ms] GC(2) Old regions: 10->16
[2023-05-11T22:02:37.102+0300][4915ms] GC(2) Archive regions: 0->0
[2023-05-11T22:02:37.102+0300][4915ms] GC(2) Humongous regions: 0->0
[2023-05-11T22:02:37.102+0300][4916ms] GC(2) Metaspace: 27157K(28352K)->27157K(28352K) NonClass: 23842K(24512K)->23842K(24512K) Class: 3314K(3840K)->3314K(3840K)
[2023-05-11T22:02:37.102+0300][4916ms] GC(2) Pause Young (Normal) (G1 Evacuation Pause) 72M->23M(1024M) 16.658ms
[2023-05-11T22:02:37.102+0300][4916ms] GC(2) User=0.02s Sys=0.00s Real=0.02s
[2023-05-11T22:02:40.218+0300][8033ms] GC(3) Pause Young (Normal) (G1 Evacuation Pause)
[2023-05-11T22:02:40.219+0300][8033ms] GC(3) Using 8 workers of 8 for evacuation
[2023-05-11T22:02:40.249+0300][8063ms] GC(3)   Pre Evacuate Collection Set: 0.3ms
[2023-05-11T22:02:40.249+0300][8063ms] GC(3)   Merge Heap Roots: 0.2ms
[2023-05-11T22:02:40.249+0300][8063ms] GC(3)   Evacuate Collection Set: 27.8ms
[2023-05-11T22:02:40.249+0300][8063ms] GC(3)   Post Evacuate Collection Set: 1.6ms
[2023-05-11T22:02:40.249+0300][8063ms] GC(3)   Other: 0.5ms
[2023-05-11T22:02:40.249+0300][8063ms] GC(3) Eden regions: 96->0(375)
[2023-05-11T22:02:40.249+0300][8063ms] GC(3) Survivor regions: 8->13(13)
[2023-05-11T22:02:40.249+0300][8064ms] GC(3) Old regions: 16->24
[2023-05-11T22:02:40.249+0300][8064ms] GC(3) Archive regions: 0->0
[2023-05-11T22:02:40.249+0300][8064ms] GC(3) Humongous regions: 1->1
[2023-05-11T22:02:40.249+0300][8064ms] GC(3) Metaspace: 49547K(51584K)->49547K(51584K) NonClass: 43320K(44544K)->43320K(44544K) Class: 6226K(7040K)->6226K(7040K)
[2023-05-11T22:02:40.250+0300][8064ms] GC(3) Pause Young (Normal) (G1 Evacuation Pause) 120M->37M(1024M) 31.159ms
[2023-05-11T22:02:40.250+0300][8064ms] GC(3) User=0.20s Sys=0.02s Real=0.03s
[2023-05-11T22:02:48.990+0300][16804ms] GC(4) Pause Young (Normal) (G1 Evacuation Pause)
[2023-05-11T22:02:48.990+0300][16804ms] GC(4) Using 8 workers of 8 for evacuation
[2023-05-11T22:02:49.155+0300][16969ms] GC(4)   Pre Evacuate Collection Set: 10.4ms
[2023-05-11T22:02:49.155+0300][16969ms] GC(4)   Merge Heap Roots: 0.2ms
[2023-05-11T22:02:49.155+0300][16969ms] GC(4)   Evacuate Collection Set: 148.7ms
[2023-05-11T22:02:49.155+0300][16969ms] GC(4)   Post Evacuate Collection Set: 4.4ms
[2023-05-11T22:02:49.155+0300][16969ms] GC(4)   Other: 1.0ms
[2023-05-11T22:02:49.155+0300][16969ms] GC(4) Eden regions: 375->0(260)
[2023-05-11T22:02:49.155+0300][16969ms] GC(4) Survivor regions: 13->40(49)
[2023-05-11T22:02:49.155+0300][16969ms] GC(4) Old regions: 24->24
[2023-05-11T22:02:49.155+0300][16969ms] GC(4) Archive regions: 0->0
[2023-05-11T22:02:49.155+0300][16969ms] GC(4) Humongous regions: 2->2
[2023-05-11T22:02:49.156+0300][16969ms] GC(4) Metaspace: 74012K(76416K)->74012K(76416K) NonClass: 64892K(66240K)->64892K(66240K) Class: 9119K(10176K)->9119K(10176K)
[2023-05-11T22:02:49.156+0300][16970ms] GC(4) Pause Young (Normal) (G1 Evacuation Pause) 413M->64M(1024M) 165.855ms
[2023-05-11T22:02:49.156+0300][16970ms] GC(4) User=0.41s Sys=0.59s Real=0.17s
[2023-05-11T22:02:51.437+0300][19251ms] GC(5) Pause Young (Normal) (G1 Evacuation Pause)
[2023-05-11T22:02:51.438+0300][19251ms] GC(5) Using 8 workers of 8 for evacuation
[2023-05-11T22:02:51.504+0300][19318ms] GC(5)   Pre Evacuate Collection Set: 0.5ms
[2023-05-11T22:02:51.504+0300][19318ms] GC(5)   Merge Heap Roots: 0.4ms
[2023-05-11T22:02:51.504+0300][19318ms] GC(5)   Evacuate Collection Set: 62.8ms
[2023-05-11T22:02:51.504+0300][19318ms] GC(5)   Post Evacuate Collection Set: 2.5ms
[2023-05-11T22:02:51.505+0300][19318ms] GC(5)   Other: 0.6ms
[2023-05-11T22:02:51.505+0300][19318ms] GC(5) Eden regions: 260->0(331)
[2023-05-11T22:02:51.505+0300][19318ms] GC(5) Survivor regions: 40->12(38)
[2023-05-11T22:02:51.505+0300][19318ms] GC(5) Old regions: 24->61
[2023-05-11T22:02:51.505+0300][19318ms] GC(5) Archive regions: 0->0
[2023-05-11T22:02:51.505+0300][19318ms] GC(5) Humongous regions: 2->2
[2023-05-11T22:02:51.505+0300][19318ms] GC(5) Metaspace: 74079K(76480K)->74079K(76480K) NonClass: 64954K(66304K)->64954K(66304K) Class: 9125K(10176K)->9125K(10176K)
[2023-05-11T22:02:51.506+0300][19319ms] GC(5) Pause Young (Normal) (G1 Evacuation Pause) 324M->74M(1024M) 67.711ms
[2023-05-11T22:02:51.506+0300][19319ms] GC(5) User=0.41s Sys=0.02s Real=0.07s
[2023-05-11T22:02:55.356+0300][23170ms] GC(6) Pause Young (Concurrent Start) (Metadata GC Threshold)
[2023-05-11T22:02:55.356+0300][23170ms] GC(6) Using 8 workers of 8 for evacuation
[2023-05-11T22:02:55.384+0300][23197ms] GC(6)   Pre Evacuate Collection Set: 0.8ms
[2023-05-11T22:02:55.384+0300][23197ms] GC(6)   Merge Heap Roots: 0.2ms
[2023-05-11T22:02:55.384+0300][23198ms] GC(6)   Evacuate Collection Set: 24.4ms
[2023-05-11T22:02:55.384+0300][23198ms] GC(6)   Post Evacuate Collection Set: 1.7ms
[2023-05-11T22:02:55.384+0300][23198ms] GC(6)   Other: 0.3ms
[2023-05-11T22:02:55.384+0300][23198ms] GC(6) Eden regions: 199->0(357)
[2023-05-11T22:02:55.384+0300][23198ms] GC(6) Survivor regions: 12->22(43)
[2023-05-11T22:02:55.384+0300][23198ms] GC(6) Old regions: 61->61
[2023-05-11T22:02:55.384+0300][23198ms] GC(6) Archive regions: 0->0
[2023-05-11T22:02:55.384+0300][23198ms] GC(6) Humongous regions: 2->2
[2023-05-11T22:02:55.384+0300][23198ms] GC(6) Metaspace: 95514K(98304K)->95514K(98304K) NonClass: 83476K(85120K)->83476K(85120K) Class: 12037K(13184K)->12037K(13184K)
[2023-05-11T22:02:55.384+0300][23198ms] GC(6) Pause Young (Concurrent Start) (Metadata GC Threshold) 273M->83M(1024M) 28.053ms
[2023-05-11T22:02:55.385+0300][23198ms] GC(6) User=0.11s Sys=0.00s Real=0.03s
[2023-05-11T22:02:55.385+0300][23198ms] GC(7) Concurrent Mark Cycle
[2023-05-11T22:02:55.385+0300][23198ms] GC(7) Concurrent Clear Claimed Marks
[2023-05-11T22:02:55.385+0300][23199ms] GC(7) Concurrent Clear Claimed Marks 0.106ms
[2023-05-11T22:02:55.385+0300][23199ms] GC(7) Concurrent Scan Root Regions
[2023-05-11T22:02:55.422+0300][23236ms] GC(7) Concurrent Scan Root Regions 37.751ms
[2023-05-11T22:02:55.423+0300][23236ms] GC(7) Concurrent Mark
[2023-05-11T22:02:55.423+0300][23236ms] GC(7) Concurrent Mark From Roots
[2023-05-11T22:02:55.423+0300][23237ms] GC(7) Using 2 workers of 2 for marking
[2023-05-11T22:02:55.615+0300][23428ms] GC(7) Concurrent Mark From Roots 191.953ms
[2023-05-11T22:02:55.615+0300][23429ms] GC(7) Concurrent Preclean
[2023-05-11T22:02:55.615+0300][23429ms] GC(7) Concurrent Preclean 0.510ms
[2023-05-11T22:02:55.616+0300][23430ms] GC(7) Pause Remark
[2023-05-11T22:02:55.769+0300][23583ms] GC(7) Pause Remark 93M->93M(1024M) 153.547ms
[2023-05-11T22:02:55.769+0300][23583ms] GC(7) User=0.11s Sys=0.34s Real=0.15s
[2023-05-11T22:02:55.769+0300][23583ms] GC(7) Concurrent Mark 347.065ms
[2023-05-11T22:02:55.770+0300][23584ms] GC(7) Concurrent Rebuild Remembered Sets
[2023-05-11T22:02:55.883+0300][23696ms] GC(7) Concurrent Rebuild Remembered Sets 112.513ms
[2023-05-11T22:02:55.883+0300][23696ms] GC(7) Pause Cleanup
[2023-05-11T22:02:55.883+0300][23697ms] GC(7) Pause Cleanup 95M->95M(1024M) 0.590ms
[2023-05-11T22:02:55.884+0300][23697ms] GC(7) User=0.00s Sys=0.00s Real=0.00s
[2023-05-11T22:02:55.884+0300][23697ms] GC(7) Concurrent Cleanup for Next Mark
[2023-05-11T22:02:56.174+0300][23988ms] GC(7) Concurrent Cleanup for Next Mark 290.382ms
[2023-05-11T22:02:56.174+0300][23988ms] GC(7) Concurrent Mark Cycle 789.405ms
[2023-05-11T22:03:08.229+0300][36042ms] GC(8) Pause Young (Prepare Mixed) (G1 Evacuation Pause)
[2023-05-11T22:03:08.229+0300][36042ms] GC(8) Using 8 workers of 8 for evacuation
[2023-05-11T22:03:08.305+0300][36119ms] GC(8)   Pre Evacuate Collection Set: 2.1ms
[2023-05-11T22:03:08.305+0300][36119ms] GC(8)   Merge Heap Roots: 0.3ms
[2023-05-11T22:03:08.305+0300][36119ms] GC(8)   Evacuate Collection Set: 69.3ms
[2023-05-11T22:03:08.305+0300][36119ms] GC(8)   Post Evacuate Collection Set: 4.5ms
[2023-05-11T22:03:08.305+0300][36119ms] GC(8)   Other: 0.4ms
[2023-05-11T22:03:08.305+0300][36119ms] GC(8) Eden regions: 397->0(14)
[2023-05-11T22:03:08.305+0300][36119ms] GC(8) Survivor regions: 22->37(53)
[2023-05-11T22:03:08.305+0300][36119ms] GC(8) Old regions: 61->61
[2023-05-11T22:03:08.305+0300][36119ms] GC(8) Archive regions: 0->0
[2023-05-11T22:03:08.305+0300][36119ms] GC(8) Humongous regions: 8->8
[2023-05-11T22:03:08.305+0300][36119ms] GC(8) Metaspace: 134816K(138176K)->134816K(138176K) NonClass: 117372K(119296K)->117372K(119296K) Class: 17444K(18880K)->17444K(18880K)
[2023-05-11T22:03:08.305+0300][36119ms] GC(8) Pause Young (Prepare Mixed) (G1 Evacuation Pause) 486M->105M(1024M) 77.085ms
[2023-05-11T22:03:08.305+0300][36119ms] GC(8) User=0.16s Sys=0.14s Real=0.08s
[2023-05-11T22:03:08.388+0300][36202ms] GC(9) Pause Young (Mixed) (G1 Evacuation Pause)
[2023-05-11T22:03:08.388+0300][36202ms] GC(9) Using 8 workers of 8 for evacuation
[2023-05-11T22:03:08.525+0300][36339ms] GC(9)   Pre Evacuate Collection Set: 0.3ms
[2023-05-11T22:03:08.525+0300][36339ms] GC(9)   Merge Heap Roots: 0.9ms
[2023-05-11T22:03:08.525+0300][36339ms] GC(9)   Evacuate Collection Set: 132.3ms
[2023-05-11T22:03:08.525+0300][36339ms] GC(9)   Post Evacuate Collection Set: 3.1ms
[2023-05-11T22:03:08.525+0300][36339ms] GC(9)   Other: 0.3ms
[2023-05-11T22:03:08.525+0300][36339ms] GC(9) Eden regions: 14->0(610)
[2023-05-11T22:03:08.525+0300][36339ms] GC(9) Survivor regions: 37->4(7)
[2023-05-11T22:03:08.525+0300][36339ms] GC(9) Old regions: 61->96
[2023-05-11T22:03:08.525+0300][36339ms] GC(9) Archive regions: 0->0
[2023-05-11T22:03:08.525+0300][36339ms] GC(9) Humongous regions: 8->8
[2023-05-11T22:03:08.525+0300][36339ms] GC(9) Metaspace: 134816K(138176K)->134816K(138176K) NonClass: 117372K(119296K)->117372K(119296K) Class: 17444K(18880K)->17444K(18880K)
[2023-05-11T22:03:08.525+0300][36339ms] GC(9) Pause Young (Mixed) (G1 Evacuation Pause) 119M->107M(1024M) 137.560ms
[2023-05-11T22:03:08.525+0300][36339ms] GC(9) User=0.31s Sys=0.58s Real=0.14s
[2023-05-11T22:05:33.630+0300][181444ms] GC(10) Pause Young (Normal) (G1 Evacuation Pause)
[2023-05-11T22:05:33.631+0300][181445ms] GC(10) Using 8 workers of 8 for evacuation
[2023-05-11T22:05:33.825+0300][181639ms] GC(10)   Pre Evacuate Collection Set: 3.1ms
[2023-05-11T22:05:33.825+0300][181639ms] GC(10)   Merge Heap Roots: 0.7ms
[2023-05-11T22:05:33.825+0300][181639ms] GC(10)   Evacuate Collection Set: 181.1ms
[2023-05-11T22:05:33.825+0300][181639ms] GC(10)   Post Evacuate Collection Set: 7.9ms
[2023-05-11T22:05:33.825+0300][181639ms] GC(10)   Other: 1.5ms
[2023-05-11T22:05:33.825+0300][181639ms] GC(10) Eden regions: 610->0(259)
[2023-05-11T22:05:33.825+0300][181639ms] GC(10) Survivor regions: 4->20(77)
[2023-05-11T22:05:33.825+0300][181639ms] GC(10) Old regions: 96->96
[2023-05-11T22:05:33.825+0300][181639ms] GC(10) Archive regions: 0->0
[2023-05-11T22:05:33.825+0300][181639ms] GC(10) Humongous regions: 18->18
[2023-05-11T22:05:33.826+0300][181639ms] GC(10) Metaspace: 153284K(156800K)->153284K(156800K) NonClass: 133856K(135872K)->133856K(135872K) Class: 19427K(20928K)->19427K(20928K)
[2023-05-11T22:05:33.826+0300][181640ms] GC(10) Pause Young (Normal) (G1 Evacuation Pause) 727M->132M(1024M) 195.796ms
[2023-05-11T22:05:33.826+0300][181640ms] GC(10) User=0.34s Sys=0.73s Real=0.20s
[2023-05-11T22:08:53.413+0300][381229ms] Heap
[2023-05-11T22:08:53.413+0300][381229ms]  garbage-first heap   total 1048576K, used 324581K [0x00000000c0000000, 0x0000000100000000)
[2023-05-11T22:08:53.413+0300][381229ms]   region size 1024K, 190 young (194560K), 20 survivors (20480K)
[2023-05-11T22:08:53.413+0300][381229ms]  Metaspace       used 160604K, committed 164160K, reserved 409600K
[2023-05-11T22:08:53.413+0300][381229ms]   class space    used 20399K, committed 21952K, reserved 212992K
