[2023-06-17T23:47:27.240+0300][24ms] Heap region size: 1M
[2023-06-17T23:47:27.290+0300][75ms] Using G1
[2023-06-17T23:47:27.291+0300][75ms] Heap address: 0x00000000c0000000, size: 1024 MB, Compressed Oops mode: 32-bit
[2023-06-17T23:47:32.904+0300][5688ms] GC(0) Pause Young (Normal) (G1 Evacuation Pause)
[2023-06-17T23:47:32.905+0300][5689ms] GC(0) Using 8 workers of 8 for evacuation
[2023-06-17T23:47:33.000+0300][5784ms] GC(0)   Pre Evacuate Collection Set: 0.1ms
[2023-06-17T23:47:33.000+0300][5784ms] GC(0)   Evacuate Collection Set: 93.2ms
[2023-06-17T23:47:33.000+0300][5784ms] GC(0)   Post Evacuate Collection Set: 1.5ms
[2023-06-17T23:47:33.001+0300][5785ms] GC(0)   Other: 1.9ms
[2023-06-17T23:47:33.001+0300][5785ms] GC(0) Eden regions: 51->0(44)
[2023-06-17T23:47:33.001+0300][5785ms] GC(0) Survivor regions: 0->7(7)
[2023-06-17T23:47:33.001+0300][5785ms] GC(0) Old regions: 0->2
[2023-06-17T23:47:33.001+0300][5785ms] GC(0) Humongous regions: 0->0
[2023-06-17T23:47:33.001+0300][5785ms] GC(0) Metaspace: 19748K->19748K(274432K)
[2023-06-17T23:47:33.002+0300][5786ms] GC(0) Pause Young (Normal) (G1 Evacuation Pause) 51M->8M(1024M) 98.071ms
[2023-06-17T23:47:33.002+0300][5786ms] GC(0) User=0.23s Sys=0.02s Real=0.10s
[2023-06-17T23:47:36.318+0300][9102ms] GC(1) Pause Young (Normal) (G1 Evacuation Pause)
[2023-06-17T23:47:36.318+0300][9102ms] GC(1) Using 8 workers of 8 for evacuation
[2023-06-17T23:47:36.340+0300][9124ms] GC(1)   Pre Evacuate Collection Set: 0.1ms
[2023-06-17T23:47:36.340+0300][9124ms] GC(1)   Evacuate Collection Set: 20.3ms
[2023-06-17T23:47:36.340+0300][9124ms] GC(1)   Post Evacuate Collection Set: 1.4ms
[2023-06-17T23:47:36.340+0300][9124ms] GC(1)   Other: 0.5ms
[2023-06-17T23:47:36.340+0300][9124ms] GC(1) Eden regions: 44->0(52)
[2023-06-17T23:47:36.341+0300][9125ms] GC(1) Survivor regions: 7->7(7)
[2023-06-17T23:47:36.341+0300][9125ms] GC(1) Old regions: 2->9
[2023-06-17T23:47:36.341+0300][9125ms] GC(1) Humongous regions: 0->0
[2023-06-17T23:47:36.341+0300][9125ms] GC(1) Metaspace: 25525K->25525K(278528K)
[2023-06-17T23:47:36.341+0300][9125ms] GC(1) Pause Young (Normal) (G1 Evacuation Pause) 52M->15M(1024M) 22.952ms
[2023-06-17T23:47:36.341+0300][9125ms] GC(1) User=0.08s Sys=0.02s Real=0.02s
[2023-06-17T23:47:38.994+0300][11778ms] GC(2) Pause Young (Normal) (G1 Evacuation Pause)
[2023-06-17T23:47:38.994+0300][11778ms] GC(2) Using 8 workers of 8 for evacuation
[2023-06-17T23:47:39.009+0300][11793ms] GC(2)   Pre Evacuate Collection Set: 0.0ms
[2023-06-17T23:47:39.009+0300][11793ms] GC(2)   Evacuate Collection Set: 14.4ms
[2023-06-17T23:47:39.009+0300][11793ms] GC(2)   Post Evacuate Collection Set: 1.0ms
[2023-06-17T23:47:39.009+0300][11793ms] GC(2)   Other: 0.3ms
[2023-06-17T23:47:39.009+0300][11793ms] GC(2) Eden regions: 52->0(67)
[2023-06-17T23:47:39.010+0300][11794ms] GC(2) Survivor regions: 7->8(8)
[2023-06-17T23:47:39.010+0300][11794ms] GC(2) Old regions: 9->14
[2023-06-17T23:47:39.010+0300][11794ms] GC(2) Humongous regions: 0->0
[2023-06-17T23:47:39.010+0300][11794ms] GC(2) Metaspace: 34429K->34429K(288768K)
[2023-06-17T23:47:39.010+0300][11794ms] GC(2) Pause Young (Normal) (G1 Evacuation Pause) 67M->21M(1024M) 16.071ms
[2023-06-17T23:47:39.010+0300][11794ms] GC(2) User=0.02s Sys=0.00s Real=0.02s
[2023-06-17T23:47:41.023+0300][13807ms] GC(3) Pause Young (Normal) (G1 Evacuation Pause)
[2023-06-17T23:47:41.023+0300][13807ms] GC(3) Using 8 workers of 8 for evacuation
[2023-06-17T23:47:41.055+0300][13839ms] GC(3)   Pre Evacuate Collection Set: 0.1ms
[2023-06-17T23:47:41.055+0300][13839ms] GC(3)   Evacuate Collection Set: 29.6ms
[2023-06-17T23:47:41.055+0300][13839ms] GC(3)   Post Evacuate Collection Set: 1.3ms
[2023-06-17T23:47:41.055+0300][13839ms] GC(3)   Other: 0.6ms
[2023-06-17T23:47:41.055+0300][13839ms] GC(3) Eden regions: 67->0(256)
[2023-06-17T23:47:41.055+0300][13839ms] GC(3) Survivor regions: 8->10(10)
[2023-06-17T23:47:41.055+0300][13839ms] GC(3) Old regions: 14->21
[2023-06-17T23:47:41.055+0300][13839ms] GC(3) Humongous regions: 1->1
[2023-06-17T23:47:41.055+0300][13839ms] GC(3) Metaspace: 48750K->48750K(301056K)
[2023-06-17T23:47:41.055+0300][13839ms] GC(3) Pause Young (Normal) (G1 Evacuation Pause) 89M->31M(1024M) 32.364ms
[2023-06-17T23:47:41.056+0300][13840ms] GC(3) User=0.19s Sys=0.03s Real=0.03s
[2023-06-17T23:47:46.229+0300][19013ms] GC(4) Pause Young (Normal) (G1 Evacuation Pause)
[2023-06-17T23:47:46.229+0300][19013ms] GC(4) Using 8 workers of 8 for evacuation
[2023-06-17T23:47:46.326+0300][19110ms] GC(4)   Pre Evacuate Collection Set: 0.1ms
[2023-06-17T23:47:46.326+0300][19110ms] GC(4)   Evacuate Collection Set: 93.9ms
[2023-06-17T23:47:46.326+0300][19110ms] GC(4)   Post Evacuate Collection Set: 2.7ms
[2023-06-17T23:47:46.326+0300][19110ms] GC(4)   Other: 0.8ms
[2023-06-17T23:47:46.326+0300][19110ms] GC(4) Eden regions: 256->0(164)
[2023-06-17T23:47:46.326+0300][19110ms] GC(4) Survivor regions: 10->34(34)
[2023-06-17T23:47:46.326+0300][19110ms] GC(4) Old regions: 21->24
[2023-06-17T23:47:46.326+0300][19110ms] GC(4) Humongous regions: 3->3
[2023-06-17T23:47:46.326+0300][19110ms] GC(4) Metaspace: 63519K->63519K(315392K)
[2023-06-17T23:47:46.327+0300][19111ms] GC(4) Pause Young (Normal) (G1 Evacuation Pause) 289M->60M(1024M) 97.999ms
[2023-06-17T23:47:46.327+0300][19111ms] GC(4) User=0.34s Sys=0.31s Real=0.10s
[2023-06-17T23:47:47.156+0300][19940ms] GC(5) Pause Young (Normal) (G1 Evacuation Pause)
[2023-06-17T23:47:47.156+0300][19940ms] GC(5) Using 8 workers of 8 for evacuation
[2023-06-17T23:47:47.247+0300][20031ms] GC(5)   Pre Evacuate Collection Set: 0.1ms
[2023-06-17T23:47:47.247+0300][20031ms] GC(5)   Evacuate Collection Set: 89.2ms
[2023-06-17T23:47:47.247+0300][20031ms] GC(5)   Post Evacuate Collection Set: 1.1ms
[2023-06-17T23:47:47.247+0300][20031ms] GC(5)   Other: 0.6ms
[2023-06-17T23:47:47.247+0300][20031ms] GC(5) Eden regions: 154->0(185)
[2023-06-17T23:47:47.247+0300][20031ms] GC(5) Survivor regions: 34->8(24)
[2023-06-17T23:47:47.247+0300][20031ms] GC(5) Old regions: 24->57
[2023-06-17T23:47:47.247+0300][20031ms] GC(5) Humongous regions: 3->3
[2023-06-17T23:47:47.247+0300][20031ms] GC(5) Metaspace: 63540K->63540K(315392K)
[2023-06-17T23:47:47.247+0300][20031ms] GC(5) Pause Young (Normal) (G1 Evacuation Pause) 214M->66M(1024M) 91.581ms
[2023-06-17T23:47:47.247+0300][20031ms] GC(5) User=0.52s Sys=0.20s Real=0.09s
[2023-06-17T23:47:48.783+0300][21567ms] GC(6) Pause Young (Normal) (G1 Evacuation Pause)
[2023-06-17T23:47:48.783+0300][21567ms] GC(6) Using 8 workers of 8 for evacuation
[2023-06-17T23:47:48.813+0300][21597ms] GC(6)   Pre Evacuate Collection Set: 0.1ms
[2023-06-17T23:47:48.813+0300][21597ms] GC(6)   Evacuate Collection Set: 28.0ms
[2023-06-17T23:47:48.813+0300][21597ms] GC(6)   Post Evacuate Collection Set: 0.9ms
[2023-06-17T23:47:48.813+0300][21597ms] GC(6)   Other: 0.6ms
[2023-06-17T23:47:48.813+0300][21597ms] GC(6) Eden regions: 185->0(223)
[2023-06-17T23:47:48.813+0300][21597ms] GC(6) Survivor regions: 8->15(25)
[2023-06-17T23:47:48.813+0300][21597ms] GC(6) Old regions: 57->57
[2023-06-17T23:47:48.813+0300][21597ms] GC(6) Humongous regions: 3->3
[2023-06-17T23:47:48.813+0300][21597ms] GC(6) Metaspace: 63544K->63544K(315392K)
[2023-06-17T23:47:48.814+0300][21598ms] GC(6) Pause Young (Normal) (G1 Evacuation Pause) 251M->73M(1024M) 30.186ms
[2023-06-17T23:47:48.814+0300][21598ms] GC(6) User=0.19s Sys=0.00s Real=0.03s
[2023-06-17T23:47:50.077+0300][22861ms] GC(7) Pause Young (Normal) (G1 Evacuation Pause)
[2023-06-17T23:47:50.077+0300][22861ms] GC(7) Using 8 workers of 8 for evacuation
[2023-06-17T23:47:50.115+0300][22899ms] GC(7)   Pre Evacuate Collection Set: 0.1ms
[2023-06-17T23:47:50.115+0300][22899ms] GC(7)   Evacuate Collection Set: 36.4ms
[2023-06-17T23:47:50.115+0300][22899ms] GC(7)   Post Evacuate Collection Set: 0.8ms
[2023-06-17T23:47:50.115+0300][22899ms] GC(7)   Other: 0.5ms
[2023-06-17T23:47:50.115+0300][22899ms] GC(7) Eden regions: 223->0(273)
[2023-06-17T23:47:50.116+0300][22900ms] GC(7) Survivor regions: 15->22(30)
[2023-06-17T23:47:50.116+0300][22900ms] GC(7) Old regions: 57->57
[2023-06-17T23:47:50.116+0300][22900ms] GC(7) Humongous regions: 3->3
[2023-06-17T23:47:50.116+0300][22900ms] GC(7) Metaspace: 63549K->63549K(315392K)
[2023-06-17T23:47:50.116+0300][22900ms] GC(7) Pause Young (Normal) (G1 Evacuation Pause) 296M->80M(1024M) 38.674ms
[2023-06-17T23:47:50.116+0300][22900ms] GC(7) User=0.20s Sys=0.03s Real=0.04s
[2023-06-17T23:47:51.906+0300][24690ms] GC(8) Pause Young (Normal) (G1 Evacuation Pause)
[2023-06-17T23:47:51.906+0300][24690ms] GC(8) Using 8 workers of 8 for evacuation
[2023-06-17T23:47:51.972+0300][24756ms] GC(8)   Pre Evacuate Collection Set: 0.4ms
[2023-06-17T23:47:51.972+0300][24756ms] GC(8)   Evacuate Collection Set: 64.2ms
[2023-06-17T23:47:51.972+0300][24756ms] GC(8)   Post Evacuate Collection Set: 1.0ms
[2023-06-17T23:47:51.972+0300][24756ms] GC(8)   Other: 1.0ms
[2023-06-17T23:47:51.972+0300][24756ms] GC(8) Eden regions: 273->0(587)
[2023-06-17T23:47:51.973+0300][24757ms] GC(8) Survivor regions: 22->27(37)
[2023-06-17T23:47:51.973+0300][24757ms] GC(8) Old regions: 57->61
[2023-06-17T23:47:51.973+0300][24757ms] GC(8) Humongous regions: 3->3
[2023-06-17T23:47:51.973+0300][24757ms] GC(8) Metaspace: 64466K->64466K(317440K)
[2023-06-17T23:47:51.973+0300][24757ms] GC(8) Pause Young (Normal) (G1 Evacuation Pause) 353M->90M(1024M) 67.289ms
[2023-06-17T23:47:51.973+0300][24757ms] GC(8) User=0.44s Sys=0.03s Real=0.07s
[2023-06-17T23:47:59.271+0300][32055ms] GC(9) Pause Young (Concurrent Start) (Metadata GC Threshold)
[2023-06-17T23:47:59.271+0300][32055ms] GC(9) Using 8 workers of 8 for evacuation
[2023-06-17T23:47:59.352+0300][32136ms] GC(9)   Pre Evacuate Collection Set: 0.2ms
[2023-06-17T23:47:59.352+0300][32136ms] GC(9)   Evacuate Collection Set: 77.5ms
[2023-06-17T23:47:59.352+0300][32136ms] GC(9)   Post Evacuate Collection Set: 1.8ms
[2023-06-17T23:47:59.352+0300][32136ms] GC(9)   Other: 1.1ms
[2023-06-17T23:47:59.352+0300][32136ms] GC(9) Eden regions: 338->0(466)
[2023-06-17T23:47:59.352+0300][32136ms] GC(9) Survivor regions: 27->38(77)
[2023-06-17T23:47:59.352+0300][32136ms] GC(9) Old regions: 61->61
[2023-06-17T23:47:59.352+0300][32136ms] GC(9) Humongous regions: 3->3
[2023-06-17T23:47:59.352+0300][32136ms] GC(9) Metaspace: 88489K->88489K(337920K)
[2023-06-17T23:47:59.352+0300][32136ms] GC(9) Pause Young (Concurrent Start) (Metadata GC Threshold) 427M->101M(1024M) 81.006ms
[2023-06-17T23:47:59.352+0300][32136ms] GC(9) User=0.31s Sys=0.16s Real=0.08s
[2023-06-17T23:47:59.352+0300][32136ms] GC(10) Concurrent Cycle
[2023-06-17T23:47:59.353+0300][32137ms] GC(10) Concurrent Clear Claimed Marks
[2023-06-17T23:47:59.353+0300][32137ms] GC(10) Concurrent Clear Claimed Marks 0.234ms
[2023-06-17T23:47:59.353+0300][32137ms] GC(10) Concurrent Scan Root Regions
[2023-06-17T23:47:59.404+0300][32188ms] GC(10) Concurrent Scan Root Regions 50.683ms
[2023-06-17T23:47:59.404+0300][32188ms] GC(10) Concurrent Mark (32.187s)
[2023-06-17T23:47:59.404+0300][32188ms] GC(10) Concurrent Mark From Roots
[2023-06-17T23:47:59.404+0300][32188ms] GC(10) Using 2 workers of 2 for marking
[2023-06-17T23:47:59.622+0300][32406ms] GC(10) Concurrent Mark From Roots 218.151ms
[2023-06-17T23:47:59.622+0300][32406ms] GC(10) Concurrent Preclean
[2023-06-17T23:47:59.623+0300][32407ms] GC(10) Concurrent Preclean 0.780ms
[2023-06-17T23:47:59.623+0300][32407ms] GC(10) Concurrent Mark (32.187s, 32.406s) 219.158ms
[2023-06-17T23:47:59.624+0300][32408ms] GC(10) Pause Remark
[2023-06-17T23:47:59.794+0300][32578ms] GC(10) Cleaned string and symbol table, strings: 39089 processed, 83 removed, symbols: 243280 processed, 299 removed
[2023-06-17T23:47:59.801+0300][32585ms] GC(10) Pause Remark 104M->104M(1024M) 177.653ms
[2023-06-17T23:47:59.801+0300][32585ms] GC(10) User=0.22s Sys=0.09s Real=0.18s
[2023-06-17T23:47:59.802+0300][32586ms] GC(10) Concurrent Rebuild Remembered Sets
[2023-06-17T23:47:59.908+0300][32692ms] GC(10) Concurrent Rebuild Remembered Sets 106.007ms
[2023-06-17T23:47:59.908+0300][32692ms] GC(10) Pause Cleanup
[2023-06-17T23:47:59.908+0300][32692ms] GC(10) Pause Cleanup 105M->105M(1024M) 0.353ms
[2023-06-17T23:47:59.909+0300][32693ms] GC(10) User=0.00s Sys=0.00s Real=0.00s
[2023-06-17T23:47:59.909+0300][32693ms] GC(10) Concurrent Cleanup for Next Mark
[2023-06-17T23:47:59.925+0300][32709ms] GC(10) Concurrent Cleanup for Next Mark 16.283ms
[2023-06-17T23:47:59.925+0300][32709ms] GC(10) Concurrent Cycle 572.627ms
[2023-06-17T23:48:07.620+0300][40404ms] GC(11) Pause Young (Concurrent Start) (G1 Evacuation Pause)
[2023-06-17T23:48:07.620+0300][40404ms] GC(11) Using 8 workers of 8 for evacuation
[2023-06-17T23:48:07.929+0300][40713ms] GC(11) MMU target violated: 201.0ms (200.0ms/201.0ms)
[2023-06-17T23:48:07.930+0300][40714ms] GC(11)   Pre Evacuate Collection Set: 0.3ms
[2023-06-17T23:48:07.930+0300][40714ms] GC(11)   Evacuate Collection Set: 286.3ms
[2023-06-17T23:48:07.930+0300][40714ms] GC(11)   Post Evacuate Collection Set: 19.4ms
[2023-06-17T23:48:07.930+0300][40714ms] GC(11)   Other: 4.1ms
[2023-06-17T23:48:07.930+0300][40714ms] GC(11) Eden regions: 509->0(240)
[2023-06-17T23:48:07.930+0300][40714ms] GC(11) Survivor regions: 38->61(69)
[2023-06-17T23:48:07.931+0300][40715ms] GC(11) Old regions: 61->68
[2023-06-17T23:48:07.931+0300][40715ms] GC(11) Humongous regions: 4->4
[2023-06-17T23:48:07.931+0300][40715ms] GC(11) Metaspace: 93723K->93723K(344064K)
[2023-06-17T23:48:07.931+0300][40715ms] GC(11) Pause Young (Concurrent Start) (G1 Evacuation Pause) 611M->131M(1024M) 310.902ms
[2023-06-17T23:48:07.931+0300][40715ms] GC(11) User=0.92s Sys=0.95s Real=0.31s
[2023-06-17T23:48:07.931+0300][40715ms] GC(12) Concurrent Cycle
[2023-06-17T23:48:07.931+0300][40715ms] GC(12) Concurrent Clear Claimed Marks
[2023-06-17T23:48:07.934+0300][40718ms] GC(12) Concurrent Clear Claimed Marks 2.763ms
[2023-06-17T23:48:07.934+0300][40718ms] GC(12) Concurrent Scan Root Regions
[2023-06-17T23:48:08.064+0300][40848ms] GC(12) Concurrent Scan Root Regions 129.363ms
[2023-06-17T23:48:08.064+0300][40848ms] GC(12) Concurrent Mark (40.847s)
[2023-06-17T23:48:08.064+0300][40848ms] GC(12) Concurrent Mark From Roots
[2023-06-17T23:48:08.064+0300][40848ms] GC(12) Using 2 workers of 2 for marking
[2023-06-17T23:48:08.246+0300][41030ms] GC(12) Concurrent Mark From Roots 182.821ms
[2023-06-17T23:48:08.246+0300][41030ms] GC(12) Concurrent Preclean
[2023-06-17T23:48:08.247+0300][41031ms] GC(12) Concurrent Preclean 0.778ms
[2023-06-17T23:48:08.247+0300][41031ms] GC(12) Concurrent Mark (40.847s, 41.031s) 183.824ms
[2023-06-17T23:48:08.247+0300][41031ms] GC(12) Pause Remark
[2023-06-17T23:48:08.295+0300][41079ms] GC(12) Cleaned string and symbol table, strings: 40845 processed, 0 removed, symbols: 252729 processed, 146 removed
[2023-06-17T23:48:08.295+0300][41079ms] GC(12) Pause Remark 161M->161M(1024M) 47.967ms
[2023-06-17T23:48:08.295+0300][41079ms] GC(12) User=0.05s Sys=0.03s Real=0.05s
[2023-06-17T23:48:08.296+0300][41080ms] GC(12) Concurrent Rebuild Remembered Sets
[2023-06-17T23:48:08.383+0300][41167ms] GC(12) Concurrent Rebuild Remembered Sets 87.174ms
[2023-06-17T23:48:08.383+0300][41167ms] GC(12) Pause Cleanup
[2023-06-17T23:48:08.384+0300][41168ms] GC(12) Pause Cleanup 175M->175M(1024M) 0.499ms
[2023-06-17T23:48:08.384+0300][41168ms] GC(12) User=0.00s Sys=0.00s Real=0.00s
[2023-06-17T23:48:08.384+0300][41168ms] GC(12) Concurrent Cleanup for Next Mark
[2023-06-17T23:48:08.399+0300][41183ms] GC(12) Concurrent Cleanup for Next Mark 15.130ms
[2023-06-17T23:48:08.399+0300][41183ms] GC(12) Concurrent Cycle 468.859ms
[2023-06-17T23:48:09.365+0300][42149ms] GC(13) Pause Young (Normal) (G1 Evacuation Pause)
[2023-06-17T23:48:09.365+0300][42149ms] GC(13) Using 8 workers of 8 for evacuation
[2023-06-17T23:48:09.685+0300][42469ms] GC(13) MMU target violated: 201.0ms (200.0ms/201.0ms)
[2023-06-17T23:48:09.685+0300][42469ms] GC(13)   Pre Evacuate Collection Set: 0.1ms
[2023-06-17T23:48:09.685+0300][42469ms] GC(13)   Evacuate Collection Set: 317.2ms
[2023-06-17T23:48:09.685+0300][42469ms] GC(13)   Post Evacuate Collection Set: 2.6ms
[2023-06-17T23:48:09.685+0300][42469ms] GC(13)   Other: 0.6ms
[2023-06-17T23:48:09.686+0300][42470ms] GC(13) Eden regions: 216->0(452)
[2023-06-17T23:48:09.686+0300][42470ms] GC(13) Survivor regions: 61->10(35)
[2023-06-17T23:48:09.686+0300][42470ms] GC(13) Old regions: 68->124
[2023-06-17T23:48:09.686+0300][42470ms] GC(13) Humongous regions: 4->4
[2023-06-17T23:48:09.686+0300][42470ms] GC(13) Metaspace: 93738K->93738K(344064K)
[2023-06-17T23:48:09.686+0300][42470ms] GC(13) Pause Young (Normal) (G1 Evacuation Pause) 347M->137M(1024M) 321.086ms
[2023-06-17T23:48:09.686+0300][42470ms] GC(13) User=0.61s Sys=1.45s Real=0.32s
[2023-06-17T23:48:12.950+0300][45734ms] GC(14) Pause Young (Normal) (G1 Evacuation Pause)
[2023-06-17T23:48:12.950+0300][45734ms] GC(14) Using 8 workers of 8 for evacuation
[2023-06-17T23:48:13.012+0300][45796ms] GC(14)   Pre Evacuate Collection Set: 0.1ms
[2023-06-17T23:48:13.012+0300][45796ms] GC(14)   Evacuate Collection Set: 59.2ms
[2023-06-17T23:48:13.012+0300][45796ms] GC(14)   Post Evacuate Collection Set: 2.2ms
[2023-06-17T23:48:13.012+0300][45796ms] GC(14)   Other: 0.7ms
[2023-06-17T23:48:13.012+0300][45796ms] GC(14) Eden regions: 452->0(456)
[2023-06-17T23:48:13.012+0300][45796ms] GC(14) Survivor regions: 10->25(58)
[2023-06-17T23:48:13.013+0300][45797ms] GC(14) Old regions: 124->124
[2023-06-17T23:48:13.013+0300][45797ms] GC(14) Humongous regions: 4->4
[2023-06-17T23:48:13.013+0300][45797ms] GC(14) Metaspace: 93738K->93738K(344064K)
[2023-06-17T23:48:13.013+0300][45797ms] GC(14) Pause Young (Normal) (G1 Evacuation Pause) 589M->152M(1024M) 62.621ms
[2023-06-17T23:48:13.013+0300][45797ms] GC(14) User=0.31s Sys=0.05s Real=0.06s
[2023-06-17T23:48:25.509+0300][58293ms] GC(15) Pause Young (Normal) (G1 Evacuation Pause)
[2023-06-17T23:48:25.509+0300][58293ms] GC(15) Using 8 workers of 8 for evacuation
[2023-06-17T23:48:25.540+0300][58324ms] GC(15)   Pre Evacuate Collection Set: 0.1ms
[2023-06-17T23:48:25.541+0300][58325ms] GC(15)   Evacuate Collection Set: 27.6ms
[2023-06-17T23:48:25.541+0300][58325ms] GC(15)   Post Evacuate Collection Set: 2.9ms
[2023-06-17T23:48:25.541+0300][58325ms] GC(15)   Other: 0.7ms
[2023-06-17T23:48:25.541+0300][58325ms] GC(15) Eden regions: 450->0(594)
[2023-06-17T23:48:25.541+0300][58325ms] GC(15) Survivor regions: 25->20(60)
[2023-06-17T23:48:25.541+0300][58325ms] GC(15) Old regions: 124->124
[2023-06-17T23:48:25.541+0300][58325ms] GC(15) Humongous regions: 4->4
[2023-06-17T23:48:25.541+0300][58325ms] GC(15) Metaspace: 128434K->128434K(374784K)
[2023-06-17T23:48:25.548+0300][58332ms] GC(15) Pause Young (Normal) (G1 Evacuation Pause) 602M->147M(1024M) 38.742ms
[2023-06-17T23:48:25.548+0300][58332ms] GC(15) User=0.14s Sys=0.03s Real=0.04s
[2023-06-17T23:56:55.699+0300][568483ms] Heap
[2023-06-17T23:56:55.699+0300][568483ms]  garbage-first heap   total 1048576K, used 383356K [0x00000000c0000000, 0x0000000100000000)
[2023-06-17T23:56:55.699+0300][568483ms]   region size 1024K, 249 young (254976K), 20 survivors (20480K)
[2023-06-17T23:56:55.699+0300][568483ms]  Metaspace       used 143471K, capacity 156376K, committed 156416K, reserved 389120K
[2023-06-17T23:56:55.699+0300][568483ms]   class space    used 18779K, capacity 23030K, committed 23040K, reserved 253952K
