[2023-06-17T23:57:20.482+0300][29ms] Heap region size: 1M
[2023-06-17T23:57:20.567+0300][114ms] Using G1
[2023-06-17T23:57:20.567+0300][114ms] Heap address: 0x00000000c0000000, size: 1024 MB, Compressed Oops mode: 32-bit
[2023-06-17T23:57:26.507+0300][6054ms] GC(0) Pause Young (Normal) (G1 Evacuation Pause)
[2023-06-17T23:57:26.508+0300][6055ms] GC(0) Using 8 workers of 8 for evacuation
[2023-06-17T23:57:26.553+0300][6100ms] GC(0)   Pre Evacuate Collection Set: 0.1ms
[2023-06-17T23:57:26.553+0300][6100ms] GC(0)   Evacuate Collection Set: 43.1ms
[2023-06-17T23:57:26.553+0300][6100ms] GC(0)   Post Evacuate Collection Set: 1.6ms
[2023-06-17T23:57:26.554+0300][6101ms] GC(0)   Other: 1.4ms
[2023-06-17T23:57:26.554+0300][6101ms] GC(0) Eden regions: 51->0(44)
[2023-06-17T23:57:26.554+0300][6101ms] GC(0) Survivor regions: 0->7(7)
[2023-06-17T23:57:26.554+0300][6101ms] GC(0) Old regions: 0->2
[2023-06-17T23:57:26.554+0300][6101ms] GC(0) Humongous regions: 0->0
[2023-06-17T23:57:26.554+0300][6101ms] GC(0) Metaspace: 19869K->19869K(274432K)
[2023-06-17T23:57:26.556+0300][6103ms] GC(0) Pause Young (Normal) (G1 Evacuation Pause) 51M->8M(1024M) 47.406ms
[2023-06-17T23:57:26.556+0300][6103ms] GC(0) User=0.19s Sys=0.02s Real=0.05s
[2023-06-17T23:57:27.373+0300][6920ms] GC(1) Pause Young (Normal) (G1 Evacuation Pause)
[2023-06-17T23:57:27.373+0300][6920ms] GC(1) Using 8 workers of 8 for evacuation
[2023-06-17T23:57:27.391+0300][6938ms] GC(1)   Pre Evacuate Collection Set: 0.0ms
[2023-06-17T23:57:27.391+0300][6938ms] GC(1)   Evacuate Collection Set: 16.7ms
[2023-06-17T23:57:27.391+0300][6938ms] GC(1)   Post Evacuate Collection Set: 0.7ms
[2023-06-17T23:57:27.391+0300][6938ms] GC(1)   Other: 0.3ms
[2023-06-17T23:57:27.391+0300][6938ms] GC(1) Eden regions: 44->0(62)
[2023-06-17T23:57:27.391+0300][6938ms] GC(1) Survivor regions: 7->7(7)
[2023-06-17T23:57:27.391+0300][6938ms] GC(1) Old regions: 2->9
[2023-06-17T23:57:27.391+0300][6938ms] GC(1) Humongous regions: 0->0
[2023-06-17T23:57:27.391+0300][6938ms] GC(1) Metaspace: 25390K->25390K(278528K)
[2023-06-17T23:57:27.391+0300][6938ms] GC(1) Pause Young (Normal) (G1 Evacuation Pause) 52M->15M(1024M) 18.116ms
[2023-06-17T23:57:27.391+0300][6938ms] GC(1) User=0.06s Sys=0.00s Real=0.02s
[2023-06-17T23:57:29.459+0300][9006ms] GC(2) Pause Young (Normal) (G1 Evacuation Pause)
[2023-06-17T23:57:29.459+0300][9006ms] GC(2) Using 8 workers of 8 for evacuation
[2023-06-17T23:57:29.477+0300][9024ms] GC(2)   Pre Evacuate Collection Set: 0.1ms
[2023-06-17T23:57:29.477+0300][9024ms] GC(2)   Evacuate Collection Set: 16.6ms
[2023-06-17T23:57:29.477+0300][9024ms] GC(2)   Post Evacuate Collection Set: 0.9ms
[2023-06-17T23:57:29.477+0300][9024ms] GC(2)   Other: 0.4ms
[2023-06-17T23:57:29.477+0300][9024ms] GC(2) Eden regions: 62->0(74)
[2023-06-17T23:57:29.477+0300][9024ms] GC(2) Survivor regions: 7->9(9)
[2023-06-17T23:57:29.477+0300][9024ms] GC(2) Old regions: 9->15
[2023-06-17T23:57:29.477+0300][9024ms] GC(2) Humongous regions: 1->1
[2023-06-17T23:57:29.477+0300][9024ms] GC(2) Metaspace: 35745K->35745K(288768K)
[2023-06-17T23:57:29.477+0300][9024ms] GC(2) Pause Young (Normal) (G1 Evacuation Pause) 78M->24M(1024M) 18.284ms
[2023-06-17T23:57:29.477+0300][9024ms] GC(2) User=0.06s Sys=0.00s Real=0.02s
[2023-06-17T23:57:31.514+0300][11061ms] GC(3) Pause Young (Normal) (G1 Evacuation Pause)
[2023-06-17T23:57:31.514+0300][11061ms] GC(3) Using 8 workers of 8 for evacuation
[2023-06-17T23:57:31.543+0300][11090ms] GC(3)   Pre Evacuate Collection Set: 0.0ms
[2023-06-17T23:57:31.543+0300][11090ms] GC(3)   Evacuate Collection Set: 27.4ms
[2023-06-17T23:57:31.543+0300][11090ms] GC(3)   Post Evacuate Collection Set: 1.1ms
[2023-06-17T23:57:31.543+0300][11090ms] GC(3)   Other: 0.4ms
[2023-06-17T23:57:31.543+0300][11090ms] GC(3) Eden regions: 74->0(104)
[2023-06-17T23:57:31.543+0300][11090ms] GC(3) Survivor regions: 9->10(11)
[2023-06-17T23:57:31.543+0300][11090ms] GC(3) Old regions: 15->23
[2023-06-17T23:57:31.543+0300][11090ms] GC(3) Humongous regions: 1->1
[2023-06-17T23:57:31.543+0300][11090ms] GC(3) Metaspace: 52299K->52299K(305152K)
[2023-06-17T23:57:31.543+0300][11090ms] GC(3) Pause Young (Normal) (G1 Evacuation Pause) 98M->33M(1024M) 29.358ms
[2023-06-17T23:57:31.544+0300][11091ms] GC(3) User=0.09s Sys=0.00s Real=0.03s
[2023-06-17T23:57:34.091+0300][13638ms] GC(4) Pause Young (Normal) (G1 Evacuation Pause)
[2023-06-17T23:57:34.092+0300][13639ms] GC(4) Using 8 workers of 8 for evacuation
[2023-06-17T23:57:34.147+0300][13694ms] GC(4)   Pre Evacuate Collection Set: 0.1ms
[2023-06-17T23:57:34.147+0300][13694ms] GC(4)   Evacuate Collection Set: 53.4ms
[2023-06-17T23:57:34.147+0300][13694ms] GC(4)   Post Evacuate Collection Set: 1.5ms
[2023-06-17T23:57:34.147+0300][13694ms] GC(4)   Other: 0.6ms
[2023-06-17T23:57:34.147+0300][13694ms] GC(4) Eden regions: 104->0(132)
[2023-06-17T23:57:34.147+0300][13694ms] GC(4) Survivor regions: 10->15(15)
[2023-06-17T23:57:34.147+0300][13694ms] GC(4) Old regions: 23->39
[2023-06-17T23:57:34.147+0300][13694ms] GC(4) Humongous regions: 3->3
[2023-06-17T23:57:34.148+0300][13695ms] GC(4) Metaspace: 63409K->63409K(315392K)
[2023-06-17T23:57:34.148+0300][13695ms] GC(4) Pause Young (Normal) (G1 Evacuation Pause) 139M->56M(1024M) 56.165ms
[2023-06-17T23:57:34.148+0300][13695ms] GC(4) User=0.30s Sys=0.02s Real=0.06s
[2023-06-17T23:57:35.062+0300][14609ms] GC(5) Pause Young (Normal) (G1 Evacuation Pause)
[2023-06-17T23:57:35.062+0300][14609ms] GC(5) Using 8 workers of 8 for evacuation
[2023-06-17T23:57:35.086+0300][14633ms] GC(5)   Pre Evacuate Collection Set: 0.1ms
[2023-06-17T23:57:35.086+0300][14633ms] GC(5)   Evacuate Collection Set: 22.3ms
[2023-06-17T23:57:35.086+0300][14633ms] GC(5)   Post Evacuate Collection Set: 0.9ms
[2023-06-17T23:57:35.086+0300][14633ms] GC(5)   Other: 0.5ms
[2023-06-17T23:57:35.086+0300][14633ms] GC(5) Eden regions: 108->0(141)
[2023-06-17T23:57:35.086+0300][14633ms] GC(5) Survivor regions: 15->6(16)
[2023-06-17T23:57:35.087+0300][14634ms] GC(5) Old regions: 39->55
[2023-06-17T23:57:35.087+0300][14634ms] GC(5) Humongous regions: 3->3
[2023-06-17T23:57:35.087+0300][14634ms] GC(5) Metaspace: 63532K->63532K(315392K)
[2023-06-17T23:57:35.087+0300][14634ms] GC(5) Pause Young (Normal) (G1 Evacuation Pause) 164M->62M(1024M) 24.408ms
[2023-06-17T23:57:35.087+0300][14634ms] GC(5) User=0.22s Sys=0.00s Real=0.02s
[2023-06-17T23:57:35.932+0300][15479ms] GC(6) Pause Young (Normal) (G1 Evacuation Pause)
[2023-06-17T23:57:35.932+0300][15479ms] GC(6) Using 8 workers of 8 for evacuation
[2023-06-17T23:57:35.955+0300][15502ms] GC(6)   Pre Evacuate Collection Set: 0.1ms
[2023-06-17T23:57:35.955+0300][15502ms] GC(6)   Evacuate Collection Set: 21.7ms
[2023-06-17T23:57:35.955+0300][15502ms] GC(6)   Post Evacuate Collection Set: 0.7ms
[2023-06-17T23:57:35.956+0300][15503ms] GC(6)   Other: 0.6ms
[2023-06-17T23:57:35.956+0300][15503ms] GC(6) Eden regions: 141->0(605)
[2023-06-17T23:57:35.956+0300][15503ms] GC(6) Survivor regions: 6->9(19)
[2023-06-17T23:57:35.956+0300][15503ms] GC(6) Old regions: 55->55
[2023-06-17T23:57:35.956+0300][15503ms] GC(6) Humongous regions: 3->3
[2023-06-17T23:57:35.956+0300][15503ms] GC(6) Metaspace: 63536K->63536K(315392K)
[2023-06-17T23:57:35.956+0300][15503ms] GC(6) Pause Young (Normal) (G1 Evacuation Pause) 203M->65M(1024M) 23.878ms
[2023-06-17T23:57:35.956+0300][15503ms] GC(6) User=0.13s Sys=0.00s Real=0.02s
[2023-06-17T23:57:40.953+0300][20500ms] GC(7) Pause Young (Normal) (G1 Evacuation Pause)
[2023-06-17T23:57:40.953+0300][20500ms] GC(7) Using 8 workers of 8 for evacuation
[2023-06-17T23:57:41.181+0300][20728ms] GC(7) MMU target violated: 201.0ms (200.0ms/201.0ms)
[2023-06-17T23:57:41.183+0300][20730ms] GC(7)   Pre Evacuate Collection Set: 1.4ms
[2023-06-17T23:57:41.183+0300][20730ms] GC(7)   Evacuate Collection Set: 220.5ms
[2023-06-17T23:57:41.183+0300][20730ms] GC(7)   Post Evacuate Collection Set: 5.1ms
[2023-06-17T23:57:41.183+0300][20730ms] GC(7)   Other: 3.5ms
[2023-06-17T23:57:41.183+0300][20730ms] GC(7) Eden regions: 605->0(335)
[2023-06-17T23:57:41.183+0300][20730ms] GC(7) Survivor regions: 9->28(77)
[2023-06-17T23:57:41.184+0300][20731ms] GC(7) Old regions: 55->55
[2023-06-17T23:57:41.184+0300][20731ms] GC(7) Humongous regions: 3->3
[2023-06-17T23:57:41.184+0300][20731ms] GC(7) Metaspace: 65341K->65341K(317440K)
[2023-06-17T23:57:41.184+0300][20731ms] GC(7) Pause Young (Normal) (G1 Evacuation Pause) 670M->85M(1024M) 231.172ms
[2023-06-17T23:57:41.184+0300][20731ms] GC(7) User=0.44s Sys=0.89s Real=0.23s
[2023-06-17T23:57:42.785+0300][22332ms] GC(8) Pause Young (Normal) (G1 Evacuation Pause)
[2023-06-17T23:57:42.785+0300][22332ms] GC(8) Using 8 workers of 8 for evacuation
[2023-06-17T23:57:42.850+0300][22397ms] GC(8)   Pre Evacuate Collection Set: 2.3ms
[2023-06-17T23:57:42.850+0300][22397ms] GC(8)   Evacuate Collection Set: 61.0ms
[2023-06-17T23:57:42.850+0300][22397ms] GC(8)   Post Evacuate Collection Set: 1.0ms
[2023-06-17T23:57:42.850+0300][22397ms] GC(8)   Other: 1.0ms
[2023-06-17T23:57:42.850+0300][22397ms] GC(8) Eden regions: 335->0(295)
[2023-06-17T23:57:42.850+0300][22397ms] GC(8) Survivor regions: 28->35(46)
[2023-06-17T23:57:42.850+0300][22397ms] GC(8) Old regions: 55->61
[2023-06-17T23:57:42.850+0300][22397ms] GC(8) Humongous regions: 3->3
[2023-06-17T23:57:42.850+0300][22397ms] GC(8) Metaspace: 65518K->65518K(317440K)
[2023-06-17T23:57:42.851+0300][22398ms] GC(8) Pause Young (Normal) (G1 Evacuation Pause) 420M->98M(1024M) 65.910ms
[2023-06-17T23:57:42.851+0300][22398ms] GC(8) User=0.36s Sys=0.02s Real=0.07s
[2023-06-17T23:57:49.152+0300][28699ms] GC(9) Pause Young (Concurrent Start) (Metadata GC Threshold)
[2023-06-17T23:57:49.152+0300][28699ms] GC(9) Using 8 workers of 8 for evacuation
[2023-06-17T23:57:49.226+0300][28773ms] GC(9)   Pre Evacuate Collection Set: 0.4ms
[2023-06-17T23:57:49.226+0300][28773ms] GC(9)   Evacuate Collection Set: 71.3ms
[2023-06-17T23:57:49.226+0300][28773ms] GC(9)   Post Evacuate Collection Set: 1.7ms
[2023-06-17T23:57:49.226+0300][28773ms] GC(9)   Other: 1.2ms
[2023-06-17T23:57:49.226+0300][28773ms] GC(9) Eden regions: 115->0(403)
[2023-06-17T23:57:49.227+0300][28774ms] GC(9) Survivor regions: 35->18(42)
[2023-06-17T23:57:49.227+0300][28774ms] GC(9) Old regions: 61->82
[2023-06-17T23:57:49.227+0300][28774ms] GC(9) Humongous regions: 3->3
[2023-06-17T23:57:49.227+0300][28774ms] GC(9) Metaspace: 88517K->88517K(337920K)
[2023-06-17T23:57:49.227+0300][28774ms] GC(9) Pause Young (Concurrent Start) (Metadata GC Threshold) 212M->103M(1024M) 75.237ms
[2023-06-17T23:57:49.227+0300][28774ms] GC(9) User=0.42s Sys=0.03s Real=0.08s
[2023-06-17T23:57:49.227+0300][28774ms] GC(10) Concurrent Cycle
[2023-06-17T23:57:49.227+0300][28774ms] GC(10) Concurrent Clear Claimed Marks
[2023-06-17T23:57:49.228+0300][28775ms] GC(10) Concurrent Clear Claimed Marks 0.266ms
[2023-06-17T23:57:49.228+0300][28775ms] GC(10) Concurrent Scan Root Regions
[2023-06-17T23:57:49.281+0300][28828ms] GC(10) Concurrent Scan Root Regions 53.676ms
[2023-06-17T23:57:49.281+0300][28828ms] GC(10) Concurrent Mark (28.828s)
[2023-06-17T23:57:49.281+0300][28828ms] GC(10) Concurrent Mark From Roots
[2023-06-17T23:57:49.281+0300][28828ms] GC(10) Using 2 workers of 2 for marking
[2023-06-17T23:57:49.656+0300][29203ms] GC(10) Concurrent Mark From Roots 374.815ms
[2023-06-17T23:57:49.656+0300][29203ms] GC(10) Concurrent Preclean
[2023-06-17T23:57:49.657+0300][29204ms] GC(10) Concurrent Preclean 0.735ms
[2023-06-17T23:57:49.657+0300][29204ms] GC(10) Concurrent Mark (28.828s, 29.204s) 375.793ms
[2023-06-17T23:57:49.658+0300][29205ms] GC(10) Pause Remark
[2023-06-17T23:57:49.939+0300][29486ms] GC(10) Cleaned string and symbol table, strings: 39237 processed, 83 removed, symbols: 244212 processed, 298 removed
[2023-06-17T23:57:49.942+0300][29489ms] GC(10) MMU target violated: 201.0ms (200.0ms/201.0ms)
[2023-06-17T23:57:49.942+0300][29489ms] GC(10) Pause Remark 107M->107M(1024M) 284.099ms
[2023-06-17T23:57:49.942+0300][29489ms] GC(10) User=0.30s Sys=0.06s Real=0.28s
[2023-06-17T23:57:49.942+0300][29489ms] GC(10) Concurrent Rebuild Remembered Sets
[2023-06-17T23:57:50.096+0300][29643ms] GC(10) Concurrent Rebuild Remembered Sets 153.963ms
[2023-06-17T23:57:50.098+0300][29645ms] GC(10) Pause Cleanup
[2023-06-17T23:57:50.099+0300][29646ms] GC(10) Pause Cleanup 109M->109M(1024M) 0.554ms
[2023-06-17T23:57:50.099+0300][29646ms] GC(10) User=0.00s Sys=0.00s Real=0.00s
[2023-06-17T23:57:50.099+0300][29646ms] GC(10) Concurrent Cleanup for Next Mark
[2023-06-17T23:57:50.115+0300][29662ms] GC(10) Concurrent Cleanup for Next Mark 16.417ms
[2023-06-17T23:57:50.115+0300][29662ms] GC(10) Concurrent Cycle 888.228ms
[2023-06-17T23:57:55.033+0300][34580ms] GC(11) Pause Young (Concurrent Start) (G1 Evacuation Pause)
[2023-06-17T23:57:55.033+0300][34580ms] GC(11) Using 8 workers of 8 for evacuation
[2023-06-17T23:57:55.145+0300][34692ms] GC(11)   Pre Evacuate Collection Set: 0.2ms
[2023-06-17T23:57:55.145+0300][34692ms] GC(11)   Evacuate Collection Set: 110.3ms
[2023-06-17T23:57:55.145+0300][34692ms] GC(11)   Post Evacuate Collection Set: 1.5ms
[2023-06-17T23:57:55.145+0300][34692ms] GC(11)   Other: 0.6ms
[2023-06-17T23:57:55.145+0300][34692ms] GC(11) Eden regions: 428->0(338)
[2023-06-17T23:57:55.145+0300][34692ms] GC(11) Survivor regions: 18->45(56)
[2023-06-17T23:57:55.145+0300][34692ms] GC(11) Old regions: 82->82
[2023-06-17T23:57:55.145+0300][34692ms] GC(11) Humongous regions: 4->4
[2023-06-17T23:57:55.146+0300][34693ms] GC(11) Metaspace: 94044K->94044K(344064K)
[2023-06-17T23:57:55.146+0300][34693ms] GC(11) Pause Young (Concurrent Start) (G1 Evacuation Pause) 532M->130M(1024M) 113.369ms
[2023-06-17T23:57:55.146+0300][34693ms] GC(11) User=0.30s Sys=0.28s Real=0.11s
[2023-06-17T23:57:55.146+0300][34693ms] GC(12) Concurrent Cycle
[2023-06-17T23:57:55.146+0300][34693ms] GC(12) Concurrent Clear Claimed Marks
[2023-06-17T23:57:55.146+0300][34693ms] GC(12) Concurrent Clear Claimed Marks 0.229ms
[2023-06-17T23:57:55.147+0300][34694ms] GC(12) Concurrent Scan Root Regions
[2023-06-17T23:57:55.189+0300][34736ms] GC(12) Concurrent Scan Root Regions 42.740ms
[2023-06-17T23:57:55.189+0300][34736ms] GC(12) Concurrent Mark (34.736s)
[2023-06-17T23:57:55.189+0300][34736ms] GC(12) Concurrent Mark From Roots
[2023-06-17T23:57:55.189+0300][34736ms] GC(12) Using 2 workers of 2 for marking
[2023-06-17T23:57:55.373+0300][34920ms] GC(12) Concurrent Mark From Roots 183.120ms
[2023-06-17T23:57:55.373+0300][34920ms] GC(12) Concurrent Preclean
[2023-06-17T23:57:55.373+0300][34920ms] GC(12) Concurrent Preclean 0.508ms
[2023-06-17T23:57:55.373+0300][34920ms] GC(12) Concurrent Mark (34.736s, 34.920s) 183.806ms
[2023-06-17T23:57:55.374+0300][34921ms] GC(12) Pause Remark
[2023-06-17T23:57:55.394+0300][34941ms] GC(12) Cleaned string and symbol table, strings: 40889 processed, 2 removed, symbols: 252732 processed, 148 removed
[2023-06-17T23:57:55.395+0300][34942ms] GC(12) Pause Remark 177M->177M(1024M) 21.023ms
[2023-06-17T23:57:55.395+0300][34942ms] GC(12) User=0.00s Sys=0.00s Real=0.02s
[2023-06-17T23:57:55.395+0300][34942ms] GC(12) Concurrent Rebuild Remembered Sets
[2023-06-17T23:57:55.504+0300][35051ms] GC(12) Concurrent Rebuild Remembered Sets 108.859ms
[2023-06-17T23:57:55.504+0300][35051ms] GC(12) Pause Cleanup
[2023-06-17T23:57:55.504+0300][35051ms] GC(12) Pause Cleanup 199M->199M(1024M) 0.355ms
[2023-06-17T23:57:55.505+0300][35052ms] GC(12) User=0.00s Sys=0.00s Real=0.00s
[2023-06-17T23:57:55.505+0300][35052ms] GC(12) Concurrent Cleanup for Next Mark
[2023-06-17T23:57:55.514+0300][35061ms] GC(12) Concurrent Cleanup for Next Mark 9.705ms
[2023-06-17T23:57:55.514+0300][35061ms] GC(12) Concurrent Cycle 368.256ms
[2023-06-17T23:57:56.235+0300][35783ms] GC(13) Pause Young (Normal) (G1 Evacuation Pause)
[2023-06-17T23:57:56.236+0300][35783ms] GC(13) Using 8 workers of 8 for evacuation
[2023-06-17T23:57:56.290+0300][35837ms] GC(13)   Pre Evacuate Collection Set: 0.0ms
[2023-06-17T23:57:56.290+0300][35837ms] GC(13)   Evacuate Collection Set: 52.9ms
[2023-06-17T23:57:56.290+0300][35837ms] GC(13)   Post Evacuate Collection Set: 0.8ms
[2023-06-17T23:57:56.290+0300][35837ms] GC(13)   Other: 0.3ms
[2023-06-17T23:57:56.290+0300][35837ms] GC(13) Eden regions: 261->0(604)
[2023-06-17T23:57:56.290+0300][35837ms] GC(13) Survivor regions: 45->10(39)
[2023-06-17T23:57:56.290+0300][35837ms] GC(13) Old regions: 82->123
[2023-06-17T23:57:56.290+0300][35837ms] GC(13) Humongous regions: 4->4
[2023-06-17T23:57:56.290+0300][35837ms] GC(13) Metaspace: 94051K->94051K(344064K)
[2023-06-17T23:57:56.290+0300][35837ms] GC(13) Pause Young (Normal) (G1 Evacuation Pause) 391M->136M(1024M) 54.488ms
[2023-06-17T23:57:56.290+0300][35837ms] GC(13) User=0.33s Sys=0.03s Real=0.06s
[2023-06-17T23:57:59.309+0300][38856ms] GC(14) Pause Young (Normal) (G1 Evacuation Pause)
[2023-06-17T23:57:59.309+0300][38856ms] GC(14) Using 8 workers of 8 for evacuation
[2023-06-17T23:57:59.341+0300][38888ms] GC(14)   Pre Evacuate Collection Set: 0.0ms
[2023-06-17T23:57:59.341+0300][38888ms] GC(14)   Evacuate Collection Set: 30.2ms
[2023-06-17T23:57:59.341+0300][38888ms] GC(14)   Post Evacuate Collection Set: 0.8ms
[2023-06-17T23:57:59.341+0300][38888ms] GC(14)   Other: 0.3ms
[2023-06-17T23:57:59.341+0300][38888ms] GC(14) Eden regions: 604->0(583)
[2023-06-17T23:57:59.341+0300][38888ms] GC(14) Survivor regions: 10->31(77)
[2023-06-17T23:57:59.341+0300][38888ms] GC(14) Old regions: 123->123
[2023-06-17T23:57:59.341+0300][38888ms] GC(14) Humongous regions: 4->4
[2023-06-17T23:57:59.341+0300][38888ms] GC(14) Metaspace: 94069K->94069K(344064K)
[2023-06-17T23:57:59.341+0300][38888ms] GC(14) Pause Young (Normal) (G1 Evacuation Pause) 740M->157M(1024M) 31.781ms
[2023-06-17T23:57:59.341+0300][38888ms] GC(14) User=0.14s Sys=0.00s Real=0.03s
[2023-06-18T00:00:24.863+0300][184410ms] Heap
[2023-06-18T00:00:24.863+0300][184410ms]  garbage-first heap   total 1048576K, used 669440K [0x00000000c0000000, 0x0000000100000000)
[2023-06-18T00:00:24.863+0300][184410ms]   region size 1024K, 529 young (541696K), 31 survivors (31744K)
[2023-06-18T00:00:24.863+0300][184410ms]  Metaspace       used 143498K, capacity 156637K, committed 156848K, reserved 389120K
[2023-06-18T00:00:24.863+0300][184410ms]   class space    used 18853K, capacity 23198K, committed 23320K, reserved 253952K
